Copyright 1986-2022 Xilinx, Inc. All Rights Reserved. Copyright 2022-2024 Advanced Micro Devices, Inc. All Rights Reserved.
---------------------------------------------------------------------------------------------------------------------------------------------
| Tool Version : Vivado v.2023.2.2 (win64) Build 4126759 Thu Feb  8 23:53:51 MST 2024
| Date         : Fri Apr 12 01:00:41 2024
| Host         : Utilizador running 64-bit major release  (build 9200)
| Command      : report_control_sets -verbose -file dc_motor_control_sets_placed.rpt
| Design       : dc_motor
| Device       : xc7z010
---------------------------------------------------------------------------------------------------------------------------------------------

Control Set Information

Table of Contents
-----------------
1. Summary
2. Histogram
3. Flip-Flop Distribution
4. Detailed Control Set Information

1. Summary
----------

+----------------------------------------------------------+-------+
|                          Status                          | Count |
+----------------------------------------------------------+-------+
| Total control sets                                       |     9 |
|    Minimum number of control sets                        |     9 |
|    Addition due to synthesis replication                 |     0 |
|    Addition due to physical synthesis replication        |     0 |
| Unused register locations in slices containing registers |    29 |
+----------------------------------------------------------+-------+
* Control sets can be merged at opt_design using control_set_merge or merge_equivalent_drivers
** Run report_qor_suggestions for automated merging and remapping suggestions


2. Histogram
------------

+--------------------+-------+
|       Fanout       | Count |
+--------------------+-------+
| Total control sets |     9 |
| >= 0 to < 4        |     0 |
| >= 4 to < 6        |     1 |
| >= 6 to < 8        |     1 |
| >= 8 to < 10       |     0 |
| >= 10 to < 12      |     0 |
| >= 12 to < 14      |     1 |
| >= 14 to < 16      |     0 |
| >= 16              |     6 |
+--------------------+-------+
* Control sets can be remapped at either synth_design or opt_design


3. Flip-Flop Distribution
-------------------------

+--------------+-----------------------+------------------------+-----------------+--------------+
| Clock Enable | Synchronous Set/Reset | Asynchronous Set/Reset | Total Registers | Total Slices |
+--------------+-----------------------+------------------------+-----------------+--------------+
| No           | No                    | No                     |               6 |            4 |
| No           | No                    | Yes                    |               0 |            0 |
| No           | Yes                   | No                     |              13 |            4 |
| Yes          | No                    | No                     |              65 |           18 |
| Yes          | No                    | Yes                    |               0 |            0 |
| Yes          | Yes                   | No                     |             119 |           37 |
+--------------+-----------------------+------------------------+-----------------+--------------+


4. Detailed Control Set Information
-----------------------------------

+------------------+----------------------+------------------------+------------------+----------------+--------------+
|   Clock Signal   |     Enable Signal    |    Set/Reset Signal    | Slice Load Count | Bel Load Count | Bels / Slice |
+------------------+----------------------+------------------------+------------------+----------------+--------------+
|  i_clk_IBUF_BUFG | kp_error             | ki_error[3]_i_1_n_0    |                1 |              4 |         4.00 |
|  i_clk_IBUF_BUFG |                      |                        |                4 |              6 |         1.50 |
|  i_clk_IBUF_BUFG |                      | pwm_counter[0]_i_1_n_0 |                4 |             13 |         3.25 |
|  i_clk_IBUF_BUFG | kp_error             | duty_cycle[25]_i_1_n_0 |                9 |             26 |         2.89 |
|  i_clk_IBUF_BUFG | ki_error[31]_i_2_n_0 | ki_error[31]_i_1_n_0   |               10 |             28 |         2.80 |
|  i_clk_IBUF_BUFG | RPM[31]_i_2_n_0      | RPM[30]                |                9 |             29 |         3.22 |
|  i_clk_IBUF_BUFG | kp_error             |                        |                8 |             32 |         4.00 |
|  i_clk_IBUF_BUFG | count                | encoder_timer          |                8 |             32 |         4.00 |
|  i_clk_IBUF_BUFG | count0               |                        |               10 |             33 |         3.30 |
+------------------+----------------------+------------------------+------------------+----------------+--------------+


