
*** Running vivado
    with args -log dc_motor.vdi -applog -m64 -product Vivado -messageDb vivado.pb -mode batch -source dc_motor.tcl -notrace



****** Vivado v2023.2.2 (64-bit)
  **** SW Build 4126759 on Thu Feb  8 23:53:51 MST 2024
  **** IP Build 4126054 on Fri Feb  9 11:39:09 MST 2024
  **** SharedData Build 4115275 on Tue Jan 30 00:40:57 MST 2024
    ** Copyright 1986-2022 Xilinx, Inc. All Rights Reserved.
    ** Copyright 2022-2024 Advanced Micro Devices, Inc. All Rights Reserved.

source dc_motor.tcl -notrace
INFO: [IP_Flow 19-234] Refreshing IP repositories
INFO: [IP_Flow 19-1700] Loaded user IP repository 'c:/Users/qwesd/Downloads/AT472-r0p1-00rel0-1'.
INFO: [IP_Flow 19-2313] Loaded Vivado IP repository 'C:/Xilinx/Vivado/2023.2/data/ip'.
Command: link_design -top dc_motor -part xc7z010clg400-1
Design is defaulting to srcset: sources_1
Design is defaulting to constrset: constrs_1
INFO: [Device 21-403] Loading part xc7z010clg400-1
Netlist sorting complete. Time (s): cpu = 00:00:00 ; elapsed = 00:00:00.019 . Memory (MB): peak = 965.047 ; gain = 0.000
INFO: [Netlist 29-17] Analyzing 646 Unisim elements for replacement
INFO: [Netlist 29-28] Unisim Transformation completed in 0 CPU seconds
WARNING: [Netlist 29-101] Netlist 'dc_motor' is not ideal for floorplanning, since the cellview 'dc_motor' contains a large number of primitives.  Please consider enabling hierarchy in synthesis if you want to do floorplanning.
INFO: [Project 1-479] Netlist was created with Vivado 2023.2.2
INFO: [Project 1-570] Preparing netlist for logic optimization
Parsing XDC File [C:/Users/qwesd/Documents/dc_motor/dc_motor.srcs/constrs_1/new/constraints.xdc]
Finished Parsing XDC File [C:/Users/qwesd/Documents/dc_motor/dc_motor.srcs/constrs_1/new/constraints.xdc]
INFO: [Opt 31-138] Pushed 0 inverter(s) to 0 load pin(s).
Netlist sorting complete. Time (s): cpu = 00:00:00 ; elapsed = 00:00:00.001 . Memory (MB): peak = 1106.629 ; gain = 0.000
INFO: [Project 1-111] Unisim Transformation Summary:
No Unisim elements were transformed.

The system cannot find the path specified.
10 Infos, 1 Warnings, 0 Critical Warnings and 0 Errors encountered.
link_design completed successfully
link_design: Time (s): cpu = 00:00:00 ; elapsed = 00:00:05 . Memory (MB): peak = 1106.629 ; gain = 541.047
Command: opt_design
Attempting to get a license for feature 'Implementation' and/or device 'xc7z010'
INFO: [Common 17-349] Got license for feature 'Implementation' and/or device 'xc7z010'
Running DRC as a precondition to command opt_design

Starting DRC Task
INFO: [DRC 23-27] Running DRC with 2 threads
INFO: [Project 1-461] DRC finished with 0 Errors
INFO: [Project 1-462] Please refer to the DRC report (report_drc) for more information.

Time (s): cpu = 00:00:00 ; elapsed = 00:00:00.803 . Memory (MB): peak = 1128.586 ; gain = 21.957

Starting Cache Timing Information Task
INFO: [Timing 38-35] Done setting XDC timing constraints.
Ending Cache Timing Information Task | Checksum: 1e9b3e0bd

Time (s): cpu = 00:00:00 ; elapsed = 00:00:06 . Memory (MB): peak = 1618.070 ; gain = 489.484

Starting Logic Optimization Task

Phase 1 Initialization

Phase 1.1 Core Generation And Design Setup
Phase 1.1 Core Generation And Design Setup | Checksum: 1e9b3e0bd

Time (s): cpu = 00:00:00 ; elapsed = 00:00:00.001 . Memory (MB): peak = 1986.004 ; gain = 0.000

Phase 1.2 Setup Constraints And Sort Netlist
Phase 1.2 Setup Constraints And Sort Netlist | Checksum: 1e9b3e0bd

Time (s): cpu = 00:00:00 ; elapsed = 00:00:00.002 . Memory (MB): peak = 1986.004 ; gain = 0.000
Phase 1 Initialization | Checksum: 1e9b3e0bd

Time (s): cpu = 00:00:00 ; elapsed = 00:00:00.003 . Memory (MB): peak = 1986.004 ; gain = 0.000

Phase 2 Timer Update And Timing Data Collection

Phase 2.1 Timer Update
Phase 2.1 Timer Update | Checksum: 1e9b3e0bd

Time (s): cpu = 00:00:00 ; elapsed = 00:00:00.141 . Memory (MB): peak = 1986.004 ; gain = 0.000

Phase 2.2 Timing Data Collection
Phase 2.2 Timing Data Collection | Checksum: 1e9b3e0bd

Time (s): cpu = 00:00:00 ; elapsed = 00:00:00.150 . Memory (MB): peak = 1986.004 ; gain = 0.000
Phase 2 Timer Update And Timing Data Collection | Checksum: 1e9b3e0bd

Time (s): cpu = 00:00:00 ; elapsed = 00:00:00.150 . Memory (MB): peak = 1986.004 ; gain = 0.000

Phase 3 Retarget
INFO: [Opt 31-138] Pushed 0 inverter(s) to 0 load pin(s).
INFO: [Opt 31-49] Retargeted 0 cell(s).
Phase 3 Retarget | Checksum: 1e9b3e0bd

Time (s): cpu = 00:00:00 ; elapsed = 00:00:00.185 . Memory (MB): peak = 1986.004 ; gain = 0.000
Retarget | Checksum: 1e9b3e0bd
INFO: [Opt 31-389] Phase Retarget created 0 cells and removed 0 cells

Phase 4 Constant propagation
INFO: [Opt 31-138] Pushed 0 inverter(s) to 0 load pin(s).
Phase 4 Constant propagation | Checksum: 24ccdcbc9

Time (s): cpu = 00:00:00 ; elapsed = 00:00:00.213 . Memory (MB): peak = 1986.004 ; gain = 0.000
Constant propagation | Checksum: 24ccdcbc9
INFO: [Opt 31-389] Phase Constant propagation created 0 cells and removed 0 cells

Phase 5 Sweep
Phase 5 Sweep | Checksum: 189ec8cb0

Time (s): cpu = 00:00:00 ; elapsed = 00:00:00.255 . Memory (MB): peak = 1986.004 ; gain = 0.000
Sweep | Checksum: 189ec8cb0
INFO: [Opt 31-389] Phase Sweep created 0 cells and removed 0 cells

Phase 6 BUFG optimization
Phase 6 BUFG optimization | Checksum: 189ec8cb0

Time (s): cpu = 00:00:00 ; elapsed = 00:00:00.311 . Memory (MB): peak = 1986.004 ; gain = 0.000
BUFG optimization | Checksum: 189ec8cb0
INFO: [Opt 31-662] Phase BUFG optimization created 0 cells of which 0 are BUFGs and removed 0 cells.

Phase 7 Shift Register Optimization
INFO: [Opt 31-1064] SRL Remap converted 0 SRLs to 0 registers and converted 0 registers of register chains to 0 SRLs
Phase 7 Shift Register Optimization | Checksum: 189ec8cb0

Time (s): cpu = 00:00:00 ; elapsed = 00:00:00.313 . Memory (MB): peak = 1986.004 ; gain = 0.000
Shift Register Optimization | Checksum: 189ec8cb0
INFO: [Opt 31-389] Phase Shift Register Optimization created 0 cells and removed 0 cells

Phase 8 Post Processing Netlist
Phase 8 Post Processing Netlist | Checksum: 189ec8cb0

Time (s): cpu = 00:00:00 ; elapsed = 00:00:00.319 . Memory (MB): peak = 1986.004 ; gain = 0.000
Post Processing Netlist | Checksum: 189ec8cb0
INFO: [Opt 31-389] Phase Post Processing Netlist created 0 cells and removed 0 cells

Phase 9 Finalization

Phase 9.1 Finalizing Design Cores and Updating Shapes
Phase 9.1 Finalizing Design Cores and Updating Shapes | Checksum: 1f8212e7a

Time (s): cpu = 00:00:00 ; elapsed = 00:00:00.483 . Memory (MB): peak = 1986.004 ; gain = 0.000

Phase 9.2 Verifying Netlist Connectivity

Starting Connectivity Check Task

Time (s): cpu = 00:00:00 ; elapsed = 00:00:00.004 . Memory (MB): peak = 1986.004 ; gain = 0.000
Phase 9.2 Verifying Netlist Connectivity | Checksum: 1f8212e7a

Time (s): cpu = 00:00:00 ; elapsed = 00:00:00.487 . Memory (MB): peak = 1986.004 ; gain = 0.000
Phase 9 Finalization | Checksum: 1f8212e7a

Time (s): cpu = 00:00:00 ; elapsed = 00:00:00.487 . Memory (MB): peak = 1986.004 ; gain = 0.000
Opt_design Change Summary
=========================


-------------------------------------------------------------------------------------------------------------------------
|  Phase                        |  #Cells created  |  #Cells Removed  |  #Constrained objects preventing optimizations  |
-------------------------------------------------------------------------------------------------------------------------
|  Retarget                     |               0  |               0  |                                              0  |
|  Constant propagation         |               0  |               0  |                                              0  |
|  Sweep                        |               0  |               0  |                                              0  |
|  BUFG optimization            |               0  |               0  |                                              0  |
|  Shift Register Optimization  |               0  |               0  |                                              0  |
|  Post Processing Netlist      |               0  |               0  |                                              0  |
-------------------------------------------------------------------------------------------------------------------------


Ending Logic Optimization Task | Checksum: 1f8212e7a

Time (s): cpu = 00:00:00 ; elapsed = 00:00:00.489 . Memory (MB): peak = 1986.004 ; gain = 0.000
INFO: [Constraints 18-11670] Building netlist checker database with flags, 0x8
Done building netlist checker database: Time (s): cpu = 00:00:00 ; elapsed = 00:00:00 . Memory (MB): peak = 1986.004 ; gain = 0.000

Starting Power Optimization Task
INFO: [Pwropt 34-132] Skipping clock gating for clocks with a period < 2.00 ns.
Ending Power Optimization Task | Checksum: 1f8212e7a

Time (s): cpu = 00:00:00 ; elapsed = 00:00:00.009 . Memory (MB): peak = 1986.004 ; gain = 0.000

Starting Final Cleanup Task
Ending Final Cleanup Task | Checksum: 1f8212e7a

Time (s): cpu = 00:00:00 ; elapsed = 00:00:00 . Memory (MB): peak = 1986.004 ; gain = 0.000

Starting Netlist Obfuscation Task
Netlist sorting complete. Time (s): cpu = 00:00:00 ; elapsed = 00:00:00.001 . Memory (MB): peak = 1986.004 ; gain = 0.000
Ending Netlist Obfuscation Task | Checksum: 1f8212e7a

Time (s): cpu = 00:00:00 ; elapsed = 00:00:00.001 . Memory (MB): peak = 1986.004 ; gain = 0.000
INFO: [Common 17-83] Releasing license: Implementation
28 Infos, 1 Warnings, 0 Critical Warnings and 0 Errors encountered.
opt_design completed successfully
opt_design: Time (s): cpu = 00:00:01 ; elapsed = 00:00:10 . Memory (MB): peak = 1986.004 ; gain = 879.375
INFO: [runtcl-4] Executing : report_drc -file dc_motor_drc_opted.rpt -pb dc_motor_drc_opted.pb -rpx dc_motor_drc_opted.rpx
Command: report_drc -file dc_motor_drc_opted.rpt -pb dc_motor_drc_opted.pb -rpx dc_motor_drc_opted.rpx
INFO: [IP_Flow 19-1839] IP Catalog is up to date.
INFO: [DRC 23-27] Running DRC with 2 threads
INFO: [Vivado_Tcl 2-168] The results of DRC are in file C:/Users/qwesd/Documents/dc_motor/dc_motor.runs/impl_1/dc_motor_drc_opted.rpt.
report_drc completed successfully
INFO: [Timing 38-480] Writing timing data to binary archive.
Wrote PlaceDB: Time (s): cpu = 00:00:00 ; elapsed = 00:00:00.002 . Memory (MB): peak = 1986.004 ; gain = 0.000
Wrote PulsedLatchDB: Time (s): cpu = 00:00:00 ; elapsed = 00:00:00 . Memory (MB): peak = 1986.004 ; gain = 0.000
Writing XDEF routing.
Write ShapeDB Complete: Time (s): cpu = 00:00:00 ; elapsed = 00:00:00.017 . Memory (MB): peak = 1986.004 ; gain = 0.000
Writing XDEF routing logical nets.
Writing XDEF routing special nets.
Wrote RouteStorage: Time (s): cpu = 00:00:00 ; elapsed = 00:00:00.026 . Memory (MB): peak = 1986.004 ; gain = 0.000
Wrote Netlist Cache: Time (s): cpu = 00:00:00 ; elapsed = 00:00:00 . Memory (MB): peak = 1986.004 ; gain = 0.000
Wrote Device Cache: Time (s): cpu = 00:00:00 ; elapsed = 00:00:00.012 . Memory (MB): peak = 1986.004 ; gain = 0.000
Write Physdb Complete: Time (s): cpu = 00:00:00 ; elapsed = 00:00:00.048 . Memory (MB): peak = 1986.004 ; gain = 0.000
INFO: [Common 17-1381] The checkpoint 'C:/Users/qwesd/Documents/dc_motor/dc_motor.runs/impl_1/dc_motor_opt.dcp' has been generated.
Command: place_design
Attempting to get a license for feature 'Implementation' and/or device 'xc7z010'
INFO: [Common 17-349] Got license for feature 'Implementation' and/or device 'xc7z010'
INFO: [Common 17-83] Releasing license: Implementation
INFO: [DRC 23-27] Running DRC with 2 threads
INFO: [Vivado_Tcl 4-198] DRC finished with 0 Errors
INFO: [Vivado_Tcl 4-199] Please refer to the DRC report (report_drc) for more information.
Running DRC as a precondition to command place_design
INFO: [DRC 23-27] Running DRC with 2 threads
INFO: [Vivado_Tcl 4-198] DRC finished with 0 Errors
INFO: [Vivado_Tcl 4-199] Please refer to the DRC report (report_drc) for more information.
INFO: [Place 30-611] Multithreading enabled for place_design using a maximum of 2 CPUs

Starting Placer Task

Phase 1 Placer Initialization

Phase 1.1 Placer Initialization Netlist Sorting
Netlist sorting complete. Time (s): cpu = 00:00:00 ; elapsed = 00:00:00 . Memory (MB): peak = 1986.004 ; gain = 0.000
Phase 1.1 Placer Initialization Netlist Sorting | Checksum: 10f451aaf

Time (s): cpu = 00:00:00 ; elapsed = 00:00:00.002 . Memory (MB): peak = 1986.004 ; gain = 0.000
Netlist sorting complete. Time (s): cpu = 00:00:00 ; elapsed = 00:00:00 . Memory (MB): peak = 1986.004 ; gain = 0.000

Phase 1.2 IO Placement/ Clock Placement/ Build Placer Device
INFO: [Timing 38-35] Done setting XDC timing constraints.
Phase 1.2 IO Placement/ Clock Placement/ Build Placer Device | Checksum: 9ee78679

Time (s): cpu = 00:00:00 ; elapsed = 00:00:00.283 . Memory (MB): peak = 1986.004 ; gain = 0.000

Phase 1.3 Build Placer Netlist Model
Phase 1.3 Build Placer Netlist Model | Checksum: af85c2bf

Time (s): cpu = 00:00:00 ; elapsed = 00:00:00.980 . Memory (MB): peak = 1986.004 ; gain = 0.000

Phase 1.4 Constrain Clocks/Macros
Phase 1.4 Constrain Clocks/Macros | Checksum: af85c2bf

Time (s): cpu = 00:00:00 ; elapsed = 00:00:00.982 . Memory (MB): peak = 1986.004 ; gain = 0.000
Phase 1 Placer Initialization | Checksum: af85c2bf

Time (s): cpu = 00:00:00 ; elapsed = 00:00:00.989 . Memory (MB): peak = 1986.004 ; gain = 0.000

Phase 2 Global Placement

Phase 2.1 Floorplanning
Phase 2.1 Floorplanning | Checksum: bc9a232e

Time (s): cpu = 00:00:00 ; elapsed = 00:00:01 . Memory (MB): peak = 1986.004 ; gain = 0.000

Phase 2.2 Update Timing before SLR Path Opt
Phase 2.2 Update Timing before SLR Path Opt | Checksum: 13563abe4

Time (s): cpu = 00:00:00 ; elapsed = 00:00:01 . Memory (MB): peak = 1986.004 ; gain = 0.000

Phase 2.3 Post-Processing in Floorplanning
Phase 2.3 Post-Processing in Floorplanning | Checksum: 13563abe4

Time (s): cpu = 00:00:00 ; elapsed = 00:00:01 . Memory (MB): peak = 1986.004 ; gain = 0.000

Phase 2.4 Global Placement Core

Phase 2.4.1 UpdateTiming Before Physical Synthesis
Phase 2.4.1 UpdateTiming Before Physical Synthesis | Checksum: e4819be4

Time (s): cpu = 00:00:00 ; elapsed = 00:00:03 . Memory (MB): peak = 1986.004 ; gain = 0.000

Phase 2.4.2 Physical Synthesis In Placer
INFO: [Physopt 32-1035] Found 0 LUTNM shape to break, 346 LUT instances to create LUTNM shape
INFO: [Physopt 32-1044] Break lutnm for timing: one critical 0, two critical 0, total 0, new lutff created 0
INFO: [Physopt 32-1138] End 1 Pass. Optimized 169 nets or LUTs. Breaked 0 LUT, combined 169 existing LUTs and moved 0 existing LUT
INFO: [Physopt 32-65] No nets found for high-fanout optimization.
INFO: [Physopt 32-232] Optimized 0 net. Created 0 new instance.
INFO: [Physopt 32-775] End 1 Pass. Optimized 0 net or cell. Created 0 new cell, deleted 0 existing cell and moved 0 existing cell
INFO: [Physopt 32-670] No setup violation found.  DSP Register Optimization was not performed.
INFO: [Physopt 32-670] No setup violation found.  Shift Register to Pipeline Optimization was not performed.
INFO: [Physopt 32-670] No setup violation found.  Shift Register Optimization was not performed.
INFO: [Physopt 32-670] No setup violation found.  BRAM Register Optimization was not performed.
INFO: [Physopt 32-670] No setup violation found.  URAM Register Optimization was not performed.
INFO: [Physopt 32-949] No candidate nets found for dynamic/static region interface net replication
INFO: [Physopt 32-775] End 1 Pass. Optimized 0 net or cell. Created 0 new cell, deleted 0 existing cell and moved 0 existing cell
Netlist sorting complete. Time (s): cpu = 00:00:00 ; elapsed = 00:00:00.001 . Memory (MB): peak = 1986.004 ; gain = 0.000

Summary of Physical Synthesis Optimizations
============================================


-----------------------------------------------------------------------------------------------------------------------------------------------------------
|  Optimization                                     |  Added Cells  |  Removed Cells  |  Optimized Cells/Nets  |  Dont Touch  |  Iterations  |  Elapsed   |
-----------------------------------------------------------------------------------------------------------------------------------------------------------
|  LUT Combining                                    |            0  |            169  |                   169  |           0  |           1  |  00:00:00  |
|  Retime                                           |            0  |              0  |                     0  |           0  |           1  |  00:00:00  |
|  Very High Fanout                                 |            0  |              0  |                     0  |           0  |           1  |  00:00:00  |
|  DSP Register                                     |            0  |              0  |                     0  |           0  |           0  |  00:00:00  |
|  Shift Register to Pipeline                       |            0  |              0  |                     0  |           0  |           0  |  00:00:00  |
|  Shift Register                                   |            0  |              0  |                     0  |           0  |           0  |  00:00:00  |
|  BRAM Register                                    |            0  |              0  |                     0  |           0  |           0  |  00:00:00  |
|  URAM Register                                    |            0  |              0  |                     0  |           0  |           0  |  00:00:00  |
|  Dynamic/Static Region Interface Net Replication  |            0  |              0  |                     0  |           0  |           1  |  00:00:00  |
|  Total                                            |            0  |            169  |                   169  |           0  |           4  |  00:00:00  |
-----------------------------------------------------------------------------------------------------------------------------------------------------------


Phase 2.4.2 Physical Synthesis In Placer | Checksum: fd4e2bb3

Time (s): cpu = 00:00:00 ; elapsed = 00:00:04 . Memory (MB): peak = 1986.004 ; gain = 0.000
Phase 2.4 Global Placement Core | Checksum: 8b71bfab

Time (s): cpu = 00:00:00 ; elapsed = 00:00:04 . Memory (MB): peak = 1986.004 ; gain = 0.000
Phase 2 Global Placement | Checksum: 8b71bfab

Time (s): cpu = 00:00:00 ; elapsed = 00:00:04 . Memory (MB): peak = 1986.004 ; gain = 0.000

Phase 3 Detail Placement

Phase 3.1 Commit Multi Column Macros
Phase 3.1 Commit Multi Column Macros | Checksum: b4277a51

Time (s): cpu = 00:00:00 ; elapsed = 00:00:04 . Memory (MB): peak = 1986.004 ; gain = 0.000

Phase 3.2 Commit Most Macros & LUTRAMs
Phase 3.2 Commit Most Macros & LUTRAMs | Checksum: 166b5cdb6

Time (s): cpu = 00:00:00 ; elapsed = 00:00:04 . Memory (MB): peak = 1986.004 ; gain = 0.000

Phase 3.3 Area Swap Optimization
Phase 3.3 Area Swap Optimization | Checksum: 12832c2fa

Time (s): cpu = 00:00:00 ; elapsed = 00:00:04 . Memory (MB): peak = 1986.004 ; gain = 0.000

Phase 3.4 Pipeline Register Optimization
Phase 3.4 Pipeline Register Optimization | Checksum: 17b723407

Time (s): cpu = 00:00:00 ; elapsed = 00:00:04 . Memory (MB): peak = 1986.004 ; gain = 0.000

Phase 3.5 Small Shape Detail Placement
Phase 3.5 Small Shape Detail Placement | Checksum: 157c607b0

Time (s): cpu = 00:00:00 ; elapsed = 00:00:05 . Memory (MB): peak = 1986.004 ; gain = 0.000

Phase 3.6 Re-assign LUT pins
Phase 3.6 Re-assign LUT pins | Checksum: 1530fdb7c

Time (s): cpu = 00:00:00 ; elapsed = 00:00:05 . Memory (MB): peak = 1986.004 ; gain = 0.000

Phase 3.7 Pipeline Register Optimization
Phase 3.7 Pipeline Register Optimization | Checksum: 201cf3877

Time (s): cpu = 00:00:00 ; elapsed = 00:00:05 . Memory (MB): peak = 1986.004 ; gain = 0.000
Phase 3 Detail Placement | Checksum: 201cf3877

Time (s): cpu = 00:00:00 ; elapsed = 00:00:05 . Memory (MB): peak = 1986.004 ; gain = 0.000

Phase 4 Post Placement Optimization and Clean-Up

Phase 4.1 Post Commit Optimization
INFO: [Timing 38-35] Done setting XDC timing constraints.

Phase 4.1.1 Post Placement Optimization
Post Placement Optimization Initialization | Checksum: 1a23204da

Phase 4.1.1.1 BUFG Insertion

Starting Physical Synthesis Task

Phase 1 Physical Synthesis Initialization
INFO: [Physopt 32-721] Multithreading enabled for phys_opt_design using a maximum of 2 CPUs
INFO: [Physopt 32-619] Estimated Timing Summary | WNS=106.481 | TNS=0.000 |
Phase 1 Physical Synthesis Initialization | Checksum: 1e2063212

Time (s): cpu = 00:00:00 ; elapsed = 00:00:00.109 . Memory (MB): peak = 1986.004 ; gain = 0.000
INFO: [Place 46-56] BUFG insertion identified 0 candidate nets. Inserted BUFG: 0, Replicated BUFG Driver: 0, Skipped due to Placement/Routing Conflicts: 0, Skipped due to Timing Degradation: 0, Skipped due to netlist editing failed: 0.
Ending Physical Synthesis Task | Checksum: 1e2063212

Time (s): cpu = 00:00:00 ; elapsed = 00:00:00.135 . Memory (MB): peak = 1986.004 ; gain = 0.000
Phase 4.1.1.1 BUFG Insertion | Checksum: 1a23204da

Time (s): cpu = 00:00:00 ; elapsed = 00:00:05 . Memory (MB): peak = 1986.004 ; gain = 0.000

Phase 4.1.1.2 Post Placement Timing Optimization
INFO: [Place 30-746] Post Placement Timing Summary WNS=106.481. For the most accurate timing information please run report_timing.
Phase 4.1.1.2 Post Placement Timing Optimization | Checksum: 19f6f0b25

Time (s): cpu = 00:00:00 ; elapsed = 00:00:05 . Memory (MB): peak = 1986.004 ; gain = 0.000

Time (s): cpu = 00:00:00 ; elapsed = 00:00:05 . Memory (MB): peak = 1986.004 ; gain = 0.000
Phase 4.1 Post Commit Optimization | Checksum: 19f6f0b25

Time (s): cpu = 00:00:00 ; elapsed = 00:00:05 . Memory (MB): peak = 1986.004 ; gain = 0.000

Phase 4.2 Post Placement Cleanup
Phase 4.2 Post Placement Cleanup | Checksum: 19f6f0b25

Time (s): cpu = 00:00:00 ; elapsed = 00:00:05 . Memory (MB): peak = 1986.004 ; gain = 0.000

Phase 4.3 Placer Reporting

Phase 4.3.1 Print Estimated Congestion
INFO: [Place 30-612] Post-Placement Estimated Congestion 
 ____________________________________________________
|           | Global Congestion | Short Congestion  |
| Direction | Region Size       | Region Size       |
|___________|___________________|___________________|
|      North|                1x1|                1x1|
|___________|___________________|___________________|
|      South|                1x1|                1x1|
|___________|___________________|___________________|
|       East|                1x1|                1x1|
|___________|___________________|___________________|
|       West|                1x1|                1x1|
|___________|___________________|___________________|

Phase 4.3.1 Print Estimated Congestion | Checksum: 19f6f0b25

Time (s): cpu = 00:00:00 ; elapsed = 00:00:05 . Memory (MB): peak = 1986.004 ; gain = 0.000
Phase 4.3 Placer Reporting | Checksum: 19f6f0b25

Time (s): cpu = 00:00:00 ; elapsed = 00:00:05 . Memory (MB): peak = 1986.004 ; gain = 0.000

Phase 4.4 Final Placement Cleanup
Netlist sorting complete. Time (s): cpu = 00:00:00 ; elapsed = 00:00:00 . Memory (MB): peak = 1986.004 ; gain = 0.000

Time (s): cpu = 00:00:00 ; elapsed = 00:00:05 . Memory (MB): peak = 1986.004 ; gain = 0.000
Phase 4 Post Placement Optimization and Clean-Up | Checksum: 24df7cb1f

Time (s): cpu = 00:00:00 ; elapsed = 00:00:05 . Memory (MB): peak = 1986.004 ; gain = 0.000
Ending Placer Task | Checksum: 1a7b2de41

Time (s): cpu = 00:00:00 ; elapsed = 00:00:05 . Memory (MB): peak = 1986.004 ; gain = 0.000
63 Infos, 1 Warnings, 0 Critical Warnings and 0 Errors encountered.
place_design completed successfully
place_design: Time (s): cpu = 00:00:00 ; elapsed = 00:00:06 . Memory (MB): peak = 1986.004 ; gain = 0.000
INFO: [runtcl-4] Executing : report_io -file dc_motor_io_placed.rpt
report_io: Time (s): cpu = 00:00:00 ; elapsed = 00:00:00.056 . Memory (MB): peak = 1986.004 ; gain = 0.000
INFO: [runtcl-4] Executing : report_utilization -file dc_motor_utilization_placed.rpt -pb dc_motor_utilization_placed.pb
INFO: [runtcl-4] Executing : report_control_sets -verbose -file dc_motor_control_sets_placed.rpt
report_control_sets: Time (s): cpu = 00:00:00 ; elapsed = 00:00:00.002 . Memory (MB): peak = 1986.004 ; gain = 0.000
INFO: [Timing 38-480] Writing timing data to binary archive.
Write ShapeDB Complete: Time (s): cpu = 00:00:00 ; elapsed = 00:00:00.015 . Memory (MB): peak = 1993.930 ; gain = 1.945
Wrote PlaceDB: Time (s): cpu = 00:00:01 ; elapsed = 00:00:00.229 . Memory (MB): peak = 1993.930 ; gain = 0.000
Wrote PulsedLatchDB: Time (s): cpu = 00:00:00 ; elapsed = 00:00:00 . Memory (MB): peak = 1993.930 ; gain = 0.000
Writing XDEF routing.
Writing XDEF routing logical nets.
Writing XDEF routing special nets.
Wrote RouteStorage: Time (s): cpu = 00:00:00 ; elapsed = 00:00:00.023 . Memory (MB): peak = 1993.930 ; gain = 0.000
Wrote Netlist Cache: Time (s): cpu = 00:00:00 ; elapsed = 00:00:00.005 . Memory (MB): peak = 1993.930 ; gain = 0.000
Wrote Device Cache: Time (s): cpu = 00:00:00 ; elapsed = 00:00:00.010 . Memory (MB): peak = 1993.930 ; gain = 0.000
Write Physdb Complete: Time (s): cpu = 00:00:01 ; elapsed = 00:00:00.276 . Memory (MB): peak = 1993.930 ; gain = 1.945
INFO: [Common 17-1381] The checkpoint 'C:/Users/qwesd/Documents/dc_motor/dc_motor.runs/impl_1/dc_motor_placed.dcp' has been generated.
Command: phys_opt_design
Attempting to get a license for feature 'Implementation' and/or device 'xc7z010'
INFO: [Common 17-349] Got license for feature 'Implementation' and/or device 'xc7z010'

Starting Initial Update Timing Task

Time (s): cpu = 00:00:00 ; elapsed = 00:00:00.331 . Memory (MB): peak = 1993.930 ; gain = 0.000
INFO: [Vivado_Tcl 4-383] Design worst setup slack (WNS) is greater than or equal to 0.000 ns. Skipping all physical synthesis optimizations.
INFO: [Vivado_Tcl 4-232] No setup violation found. The netlist was not modified.
INFO: [Common 17-83] Releasing license: Implementation
72 Infos, 1 Warnings, 0 Critical Warnings and 0 Errors encountered.
phys_opt_design completed successfully
INFO: [Timing 38-480] Writing timing data to binary archive.
Write ShapeDB Complete: Time (s): cpu = 00:00:00 ; elapsed = 00:00:00.015 . Memory (MB): peak = 2008.172 ; gain = 0.004
Wrote PlaceDB: Time (s): cpu = 00:00:00 ; elapsed = 00:00:00.195 . Memory (MB): peak = 2008.172 ; gain = 0.000
Wrote PulsedLatchDB: Time (s): cpu = 00:00:00 ; elapsed = 00:00:00 . Memory (MB): peak = 2008.172 ; gain = 0.000
Writing XDEF routing.
Writing XDEF routing logical nets.
Writing XDEF routing special nets.
Wrote RouteStorage: Time (s): cpu = 00:00:00 ; elapsed = 00:00:00.022 . Memory (MB): peak = 2008.172 ; gain = 0.000
Wrote Netlist Cache: Time (s): cpu = 00:00:00 ; elapsed = 00:00:00.007 . Memory (MB): peak = 2008.172 ; gain = 0.000
Wrote Device Cache: Time (s): cpu = 00:00:00 ; elapsed = 00:00:00.006 . Memory (MB): peak = 2008.172 ; gain = 0.000
Write Physdb Complete: Time (s): cpu = 00:00:00 ; elapsed = 00:00:00.236 . Memory (MB): peak = 2008.172 ; gain = 0.004
INFO: [Common 17-1381] The checkpoint 'C:/Users/qwesd/Documents/dc_motor/dc_motor.runs/impl_1/dc_motor_physopt.dcp' has been generated.
Command: route_design
Attempting to get a license for feature 'Implementation' and/or device 'xc7z010'
INFO: [Common 17-349] Got license for feature 'Implementation' and/or device 'xc7z010'
Running DRC as a precondition to command route_design
INFO: [DRC 23-27] Running DRC with 2 threads
INFO: [Vivado_Tcl 4-198] DRC finished with 0 Errors
INFO: [Vivado_Tcl 4-199] Please refer to the DRC report (report_drc) for more information.


Starting Routing Task
INFO: [Route 35-254] Multithreading enabled for route_design using a maximum of 8 CPUs

Phase 1 Build RT Design
Checksum: PlaceDB: d05ab82b ConstDB: 0 ShapeSum: d7582616 RouteDB: 0
Post Restoration Checksum: NetGraph: 5b10f3c8 | NumContArr: cb4e0e9e | Constraints: c2a8fa9d | Timing: c2a8fa9d
Phase 1 Build RT Design | Checksum: 2abb0f7a0

Time (s): cpu = 00:00:00 ; elapsed = 00:00:10 . Memory (MB): peak = 2078.172 ; gain = 56.895

Phase 2 Router Initialization

Phase 2.1 Fix Topology Constraints
Phase 2.1 Fix Topology Constraints | Checksum: 2abb0f7a0

Time (s): cpu = 00:00:00 ; elapsed = 00:00:10 . Memory (MB): peak = 2078.172 ; gain = 56.895

Phase 2.2 Pre Route Cleanup
Phase 2.2 Pre Route Cleanup | Checksum: 2abb0f7a0

Time (s): cpu = 00:00:00 ; elapsed = 00:00:10 . Memory (MB): peak = 2078.172 ; gain = 56.895
 Number of Nodes with overlaps = 0

Phase 2.3 Update Timing
Phase 2.3 Update Timing | Checksum: 1dab81f96

Time (s): cpu = 00:00:01 ; elapsed = 00:00:10 . Memory (MB): peak = 2101.512 ; gain = 80.234
INFO: [Route 35-416] Intermediate Timing Summary | WNS=108.734| TNS=0.000  | WHS=-0.063 | THS=-1.160 |


Router Utilization Summary
  Global Vertical Routing Utilization    = 0 %
  Global Horizontal Routing Utilization  = 0 %
  Routable Net Status*
  *Does not include unroutable nets such as driverless and loadless.
  Run report_route_status for detailed report.
  Number of Failed Nets               = 3763
    (Failed Nets is the sum of unrouted and partially routed nets)
  Number of Unrouted Nets             = 3763
  Number of Partially Routed Nets     = 0
  Number of Node Overlaps             = 0

Phase 2 Router Initialization | Checksum: 1cd241e63

Time (s): cpu = 00:00:01 ; elapsed = 00:00:11 . Memory (MB): peak = 2121.043 ; gain = 99.766

Phase 3 Initial Routing

Phase 3.1 Global Routing
Phase 3.1 Global Routing | Checksum: 1cd241e63

Time (s): cpu = 00:00:01 ; elapsed = 00:00:11 . Memory (MB): peak = 2121.043 ; gain = 99.766

Phase 3.2 Initial Net Routing
Phase 3.2 Initial Net Routing | Checksum: 1aead29e5

Time (s): cpu = 00:00:01 ; elapsed = 00:00:11 . Memory (MB): peak = 2121.043 ; gain = 99.766
Phase 3 Initial Routing | Checksum: 1aead29e5

Time (s): cpu = 00:00:01 ; elapsed = 00:00:11 . Memory (MB): peak = 2121.043 ; gain = 99.766

Phase 4 Rip-up And Reroute

Phase 4.1 Global Iteration 0
 Number of Nodes with overlaps = 186
 Number of Nodes with overlaps = 1
 Number of Nodes with overlaps = 0
INFO: [Route 35-416] Intermediate Timing Summary | WNS=75.433 | TNS=0.000  | WHS=N/A    | THS=N/A    |

Phase 4.1 Global Iteration 0 | Checksum: 2d1455c43

Time (s): cpu = 00:00:01 ; elapsed = 00:00:12 . Memory (MB): peak = 2121.043 ; gain = 99.766
Phase 4 Rip-up And Reroute | Checksum: 2d1455c43

Time (s): cpu = 00:00:01 ; elapsed = 00:00:12 . Memory (MB): peak = 2121.043 ; gain = 99.766

Phase 5 Delay and Skew Optimization

Phase 5.1 Delay CleanUp

Phase 5.1.1 Update Timing
Phase 5.1.1 Update Timing | Checksum: 2d1455c43

Time (s): cpu = 00:00:01 ; elapsed = 00:00:12 . Memory (MB): peak = 2121.043 ; gain = 99.766
INFO: [Route 35-416] Intermediate Timing Summary | WNS=75.446 | TNS=0.000  | WHS=N/A    | THS=N/A    |

Phase 5.1 Delay CleanUp | Checksum: 2d1455c43

Time (s): cpu = 00:00:01 ; elapsed = 00:00:12 . Memory (MB): peak = 2121.043 ; gain = 99.766

Phase 5.2 Clock Skew Optimization
Phase 5.2 Clock Skew Optimization | Checksum: 2d1455c43

Time (s): cpu = 00:00:01 ; elapsed = 00:00:12 . Memory (MB): peak = 2121.043 ; gain = 99.766
Phase 5 Delay and Skew Optimization | Checksum: 2d1455c43

Time (s): cpu = 00:00:01 ; elapsed = 00:00:12 . Memory (MB): peak = 2121.043 ; gain = 99.766

Phase 6 Post Hold Fix

Phase 6.1 Hold Fix Iter

Phase 6.1.1 Update Timing
Phase 6.1.1 Update Timing | Checksum: 2bc0f89b4

Time (s): cpu = 00:00:01 ; elapsed = 00:00:12 . Memory (MB): peak = 2121.043 ; gain = 99.766
INFO: [Route 35-416] Intermediate Timing Summary | WNS=75.446 | TNS=0.000  | WHS=0.190  | THS=0.000  |

Phase 6.1 Hold Fix Iter | Checksum: 29e4e206c

Time (s): cpu = 00:00:01 ; elapsed = 00:00:12 . Memory (MB): peak = 2121.043 ; gain = 99.766
Phase 6 Post Hold Fix | Checksum: 29e4e206c

Time (s): cpu = 00:00:01 ; elapsed = 00:00:12 . Memory (MB): peak = 2121.043 ; gain = 99.766

Phase 7 Route finalize

Router Utilization Summary
  Global Vertical Routing Utilization    = 1.41526 %
  Global Horizontal Routing Utilization  = 2.69049 %
  Routable Net Status*
  *Does not include unroutable nets such as driverless and loadless.
  Run report_route_status for detailed report.
  Number of Failed Nets               = 0
    (Failed Nets is the sum of unrouted and partially routed nets)
  Number of Unrouted Nets             = 0
  Number of Partially Routed Nets     = 0
  Number of Node Overlaps             = 0

Phase 7 Route finalize | Checksum: 29e4e206c

Time (s): cpu = 00:00:01 ; elapsed = 00:00:12 . Memory (MB): peak = 2121.043 ; gain = 99.766

Phase 8 Verifying routed nets

 Verification completed successfully
Phase 8 Verifying routed nets | Checksum: 29e4e206c

Time (s): cpu = 00:00:01 ; elapsed = 00:00:12 . Memory (MB): peak = 2122.168 ; gain = 100.891

Phase 9 Depositing Routes
Phase 9 Depositing Routes | Checksum: 1b248678f

Time (s): cpu = 00:00:01 ; elapsed = 00:00:12 . Memory (MB): peak = 2122.168 ; gain = 100.891

Phase 10 Post Router Timing
INFO: [Route 35-57] Estimated Timing Summary | WNS=75.446 | TNS=0.000  | WHS=0.190  | THS=0.000  |

INFO: [Route 35-327] The final timing numbers are based on the router estimated timing analysis. For a complete and accurate timing signoff, please run report_timing_summary.
Phase 10 Post Router Timing | Checksum: 1b248678f

Time (s): cpu = 00:00:01 ; elapsed = 00:00:12 . Memory (MB): peak = 2122.168 ; gain = 100.891
INFO: [Route 35-16] Router Completed Successfully

Phase 11 Post-Route Event Processing
Phase 11 Post-Route Event Processing | Checksum: 1da80c47f

Time (s): cpu = 00:00:01 ; elapsed = 00:00:12 . Memory (MB): peak = 2122.168 ; gain = 100.891
Ending Routing Task | Checksum: 1da80c47f

Time (s): cpu = 00:00:01 ; elapsed = 00:00:12 . Memory (MB): peak = 2122.168 ; gain = 100.891

Routing Is Done.
INFO: [Common 17-83] Releasing license: Implementation
87 Infos, 1 Warnings, 0 Critical Warnings and 0 Errors encountered.
route_design completed successfully
route_design: Time (s): cpu = 00:00:01 ; elapsed = 00:00:13 . Memory (MB): peak = 2122.168 ; gain = 113.996
INFO: [runtcl-4] Executing : report_drc -file dc_motor_drc_routed.rpt -pb dc_motor_drc_routed.pb -rpx dc_motor_drc_routed.rpx
Command: report_drc -file dc_motor_drc_routed.rpt -pb dc_motor_drc_routed.pb -rpx dc_motor_drc_routed.rpx
INFO: [IP_Flow 19-1839] IP Catalog is up to date.
INFO: [DRC 23-27] Running DRC with 2 threads
INFO: [Vivado_Tcl 2-168] The results of DRC are in file C:/Users/qwesd/Documents/dc_motor/dc_motor.runs/impl_1/dc_motor_drc_routed.rpt.
report_drc completed successfully
INFO: [runtcl-4] Executing : report_methodology -file dc_motor_methodology_drc_routed.rpt -pb dc_motor_methodology_drc_routed.pb -rpx dc_motor_methodology_drc_routed.rpx
Command: report_methodology -file dc_motor_methodology_drc_routed.rpt -pb dc_motor_methodology_drc_routed.pb -rpx dc_motor_methodology_drc_routed.rpx
INFO: [Timing 38-35] Done setting XDC timing constraints.
INFO: [DRC 23-133] Running Methodology with 2 threads
INFO: [Vivado_Tcl 2-1520] The results of Report Methodology are in file C:/Users/qwesd/Documents/dc_motor/dc_motor.runs/impl_1/dc_motor_methodology_drc_routed.rpt.
report_methodology completed successfully
INFO: [runtcl-4] Executing : report_power -file dc_motor_power_routed.rpt -pb dc_motor_power_summary_routed.pb -rpx dc_motor_power_routed.rpx
Command: report_power -file dc_motor_power_routed.rpt -pb dc_motor_power_summary_routed.pb -rpx dc_motor_power_routed.rpx
INFO: [Timing 38-35] Done setting XDC timing constraints.
Running Vector-less Activity Propagation...

Finished Running Vector-less Activity Propagation
97 Infos, 1 Warnings, 0 Critical Warnings and 0 Errors encountered.
report_power completed successfully
INFO: [runtcl-4] Executing : report_route_status -file dc_motor_route_status.rpt -pb dc_motor_route_status.pb
INFO: [runtcl-4] Executing : report_timing_summary -max_paths 10 -report_unconstrained -file dc_motor_timing_summary_routed.rpt -pb dc_motor_timing_summary_routed.pb -rpx dc_motor_timing_summary_routed.rpx -warn_on_violation 
INFO: [Timing 38-91] UpdateTimingParams: Speed grade: -1, Delay Type: min_max.
INFO: [Timing 38-191] Multithreading enabled for timing update using a maximum of 2 CPUs
INFO: [runtcl-4] Executing : report_incremental_reuse -file dc_motor_incremental_reuse_routed.rpt
INFO: [Vivado_Tcl 4-1062] Incremental flow is disabled. No incremental reuse Info to report.
INFO: [runtcl-4] Executing : report_clock_utilization -file dc_motor_clock_utilization_routed.rpt
INFO: [runtcl-4] Executing : report_bus_skew -warn_on_violation -file dc_motor_bus_skew_routed.rpt -pb dc_motor_bus_skew_routed.pb -rpx dc_motor_bus_skew_routed.rpx
INFO: [Timing 38-91] UpdateTimingParams: Speed grade: -1, Delay Type: min_max.
INFO: [Timing 38-191] Multithreading enabled for timing update using a maximum of 2 CPUs
INFO: [Timing 38-480] Writing timing data to binary archive.
Write ShapeDB Complete: Time (s): cpu = 00:00:00 ; elapsed = 00:00:00.008 . Memory (MB): peak = 2136.000 ; gain = 0.000
Wrote PlaceDB: Time (s): cpu = 00:00:00 ; elapsed = 00:00:00.215 . Memory (MB): peak = 2136.000 ; gain = 0.000
Wrote PulsedLatchDB: Time (s): cpu = 00:00:00 ; elapsed = 00:00:00 . Memory (MB): peak = 2136.000 ; gain = 0.000
Writing XDEF routing.
Writing XDEF routing logical nets.
Writing XDEF routing special nets.
Wrote RouteStorage: Time (s): cpu = 00:00:00 ; elapsed = 00:00:00.048 . Memory (MB): peak = 2136.000 ; gain = 0.000
Wrote Netlist Cache: Time (s): cpu = 00:00:00 ; elapsed = 00:00:00.004 . Memory (MB): peak = 2136.000 ; gain = 0.000
Wrote Device Cache: Time (s): cpu = 00:00:00 ; elapsed = 00:00:00.009 . Memory (MB): peak = 2136.000 ; gain = 0.000
Write Physdb Complete: Time (s): cpu = 00:00:00 ; elapsed = 00:00:00.284 . Memory (MB): peak = 2136.000 ; gain = 0.000
INFO: [Common 17-1381] The checkpoint 'C:/Users/qwesd/Documents/dc_motor/dc_motor.runs/impl_1/dc_motor_routed.dcp' has been generated.
Command: write_bitstream -force dc_motor.bit
Attempting to get a license for feature 'Implementation' and/or device 'xc7z010'
INFO: [Common 17-349] Got license for feature 'Implementation' and/or device 'xc7z010'
Running DRC as a precondition to command write_bitstream
INFO: [IP_Flow 19-1839] IP Catalog is up to date.
INFO: [DRC 23-27] Running DRC with 2 threads
WARNING: [DRC DPIP-1] Input pipelining: DSP duty_cycle2 input duty_cycle2/B[17:0] is not pipelined. Pipelining DSP48 input will improve performance.
WARNING: [DRC DPIP-1] Input pipelining: DSP duty_cycle2__0 input duty_cycle2__0/B[17:0] is not pipelined. Pipelining DSP48 input will improve performance.
WARNING: [DRC DPIP-1] Input pipelining: DSP o_pulse1 input o_pulse1/B[17:0] is not pipelined. Pipelining DSP48 input will improve performance.
WARNING: [DRC DPOP-1] PREG Output pipelining: DSP duty_cycle2 output duty_cycle2/P[47:0] is not pipelined (PREG=0). Pipelining the DSP48 output will improve performance and often saves power so it is suggested whenever possible to fully pipeline this function.  If this DSP48 function was inferred, it is suggested to describe an additional register stage after this function.  If the DSP48 was instantiated in the design, it is suggested to set the PREG attribute to 1.
WARNING: [DRC DPOP-1] PREG Output pipelining: DSP duty_cycle2__0 output duty_cycle2__0/P[47:0] is not pipelined (PREG=0). Pipelining the DSP48 output will improve performance and often saves power so it is suggested whenever possible to fully pipeline this function.  If this DSP48 function was inferred, it is suggested to describe an additional register stage after this function.  If the DSP48 was instantiated in the design, it is suggested to set the PREG attribute to 1.
WARNING: [DRC DPOP-1] PREG Output pipelining: DSP o_pulse1 output o_pulse1/P[47:0] is not pipelined (PREG=0). Pipelining the DSP48 output will improve performance and often saves power so it is suggested whenever possible to fully pipeline this function.  If this DSP48 function was inferred, it is suggested to describe an additional register stage after this function.  If the DSP48 was instantiated in the design, it is suggested to set the PREG attribute to 1.
WARNING: [DRC DPOP-1] PREG Output pipelining: DSP o_pulse1__0 output o_pulse1__0/P[47:0] is not pipelined (PREG=0). Pipelining the DSP48 output will improve performance and often saves power so it is suggested whenever possible to fully pipeline this function.  If this DSP48 function was inferred, it is suggested to describe an additional register stage after this function.  If the DSP48 was instantiated in the design, it is suggested to set the PREG attribute to 1.
WARNING: [DRC DPOP-2] MREG Output pipelining: DSP duty_cycle2 multiplier stage duty_cycle2/P[47:0] is not pipelined (MREG=0). Pipelining the multiplier function will improve performance and will save significant power so it is suggested whenever possible to fully pipeline this function.  If this multiplier was inferred, it is suggested to describe an additional register stage after this function.  If there is no registered adder/accumulator following the multiply function, two pipeline stages are suggested to allow both the MREG and PREG registers to be used.  If the DSP48 was instantiated in the design, it is suggested to set both the MREG and PREG attributes to 1 when performing multiply functions.
WARNING: [DRC DPOP-2] MREG Output pipelining: DSP duty_cycle2__0 multiplier stage duty_cycle2__0/P[47:0] is not pipelined (MREG=0). Pipelining the multiplier function will improve performance and will save significant power so it is suggested whenever possible to fully pipeline this function.  If this multiplier was inferred, it is suggested to describe an additional register stage after this function.  If there is no registered adder/accumulator following the multiply function, two pipeline stages are suggested to allow both the MREG and PREG registers to be used.  If the DSP48 was instantiated in the design, it is suggested to set both the MREG and PREG attributes to 1 when performing multiply functions.
WARNING: [DRC DPOP-2] MREG Output pipelining: DSP o_pulse1 multiplier stage o_pulse1/P[47:0] is not pipelined (MREG=0). Pipelining the multiplier function will improve performance and will save significant power so it is suggested whenever possible to fully pipeline this function.  If this multiplier was inferred, it is suggested to describe an additional register stage after this function.  If there is no registered adder/accumulator following the multiply function, two pipeline stages are suggested to allow both the MREG and PREG registers to be used.  If the DSP48 was instantiated in the design, it is suggested to set both the MREG and PREG attributes to 1 when performing multiply functions.
WARNING: [DRC DPOP-2] MREG Output pipelining: DSP o_pulse1__0 multiplier stage o_pulse1__0/P[47:0] is not pipelined (MREG=0). Pipelining the multiplier function will improve performance and will save significant power so it is suggested whenever possible to fully pipeline this function.  If this multiplier was inferred, it is suggested to describe an additional register stage after this function.  If there is no registered adder/accumulator following the multiply function, two pipeline stages are suggested to allow both the MREG and PREG registers to be used.  If the DSP48 was instantiated in the design, it is suggested to set both the MREG and PREG attributes to 1 when performing multiply functions.
WARNING: [DRC ZPS7-1] PS7 block required: The PS7 cell must be used in this Zynq design in order to enable correct default configuration.
INFO: [Vivado 12-3199] DRC finished with 0 Errors, 12 Warnings
INFO: [Vivado 12-3200] Please refer to the DRC report (report_drc) for more information.
INFO: [Designutils 20-2272] Running write_bitstream with 2 threads.
Loading data files...
Loading site data...
Loading route data...
Processing options...
Creating bitmap...
Creating bitstream...
Writing bitstream ./dc_motor.bit...
INFO: [Vivado 12-1842] Bitgen Completed Successfully.
INFO: [Project 1-1876] WebTalk data collection is mandatory when using a ULT device. To see the specific WebTalk data collected for your design, open the usage_statistics_webtalk.html or usage_statistics_webtalk.xml file in the implementation directory.
INFO: [Common 17-83] Releasing license: Implementation
14 Infos, 12 Warnings, 0 Critical Warnings and 0 Errors encountered.
write_bitstream completed successfully
write_bitstream: Time (s): cpu = 00:00:02 ; elapsed = 00:00:09 . Memory (MB): peak = 2572.148 ; gain = 436.148
INFO: [Common 17-206] Exiting Vivado at Fri Apr 12 01:01:10 2024...
