
*** Running vivado
    with args -log dc_motor.vds -m64 -product Vivado -mode batch -messageDb vivado.pb -notrace -source dc_motor.tcl



****** Vivado v2023.2.2 (64-bit)
  **** SW Build 4126759 on Thu Feb  8 23:53:51 MST 2024
  **** IP Build 4126054 on Fri Feb  9 11:39:09 MST 2024
  **** SharedData Build 4115275 on Tue Jan 30 00:40:57 MST 2024
    ** Copyright 1986-2022 Xilinx, Inc. All Rights Reserved.
    ** Copyright 2022-2024 Advanced Micro Devices, Inc. All Rights Reserved.

source dc_motor.tcl -notrace
create_project: Time (s): cpu = 00:00:01 ; elapsed = 00:00:05 . Memory (MB): peak = 558.645 ; gain = 184.832
INFO: [IP_Flow 19-234] Refreshing IP repositories
INFO: [IP_Flow 19-1700] Loaded user IP repository 'c:/Users/qwesd/Downloads/AT472-r0p1-00rel0-1'.
INFO: [IP_Flow 19-2313] Loaded Vivado IP repository 'C:/Xilinx/Vivado/2023.2/data/ip'.
Command: read_checkpoint -auto_incremental -incremental C:/Users/qwesd/Documents/dc_motor/dc_motor.srcs/utils_1/imports/synth_1/dc_motor.dcp
INFO: [Vivado 12-5825] Read reference checkpoint from C:/Users/qwesd/Documents/dc_motor/dc_motor.srcs/utils_1/imports/synth_1/dc_motor.dcp for incremental synthesis
INFO: [Vivado 12-7989] Please ensure there are no constraint changes
Command: synth_design -top dc_motor -part xc7z010clg400-1
Starting synth_design
Attempting to get a license for feature 'Synthesis' and/or device 'xc7z010'
INFO: [Common 17-349] Got license for feature 'Synthesis' and/or device 'xc7z010'
INFO: [Device 21-403] Loading part xc7z010clg400-1
INFO: [Designutils 20-5440] No compile time benefit to using incremental synthesis; A full resynthesis will be run
INFO: [Designutils 20-4379] Flow is switching to default flow due to incremental criteria not met. If you would like to alter this behaviour and have the flow terminate instead, please set the following parameter config_implementation {autoIncr.Synth.RejectBehavior Terminate}
INFO: [Synth 8-7079] Multithreading enabled for synth_design using a maximum of 2 processes.
INFO: [Synth 8-7078] Launching helper process for spawning children vivado processes
INFO: [Synth 8-7075] Helper process launched with PID 13540
---------------------------------------------------------------------------------
Starting RTL Elaboration : Time (s): cpu = 00:00:02 ; elapsed = 00:00:09 . Memory (MB): peak = 1405.715 ; gain = 441.336
---------------------------------------------------------------------------------
INFO: [Synth 8-6157] synthesizing module 'dc_motor' [C:/Users/qwesd/Documents/dc_motor/dc_motor.srcs/sources_1/new/dc_motor.v:10]
INFO: [Synth 8-6155] done synthesizing module 'dc_motor' (0#1) [C:/Users/qwesd/Documents/dc_motor/dc_motor.srcs/sources_1/new/dc_motor.v:10]
WARNING: [Synth 8-6014] Unused sequential element kd_error_reg was removed.  [C:/Users/qwesd/Documents/dc_motor/dc_motor.srcs/sources_1/new/dc_motor.v:86]
---------------------------------------------------------------------------------
Finished RTL Elaboration : Time (s): cpu = 00:00:03 ; elapsed = 00:00:12 . Memory (MB): peak = 1513.641 ; gain = 549.262
---------------------------------------------------------------------------------
---------------------------------------------------------------------------------
Start Handling Custom Attributes
---------------------------------------------------------------------------------
---------------------------------------------------------------------------------
Finished Handling Custom Attributes : Time (s): cpu = 00:00:03 ; elapsed = 00:00:12 . Memory (MB): peak = 1513.641 ; gain = 549.262
---------------------------------------------------------------------------------
---------------------------------------------------------------------------------
Finished RTL Optimization Phase 1 : Time (s): cpu = 00:00:03 ; elapsed = 00:00:12 . Memory (MB): peak = 1513.641 ; gain = 549.262
---------------------------------------------------------------------------------
Netlist sorting complete. Time (s): cpu = 00:00:00 ; elapsed = 00:00:00.010 . Memory (MB): peak = 1513.641 ; gain = 0.000
INFO: [Project 1-570] Preparing netlist for logic optimization

Processing XDC Constraints
Initializing timing engine
Parsing XDC File [C:/Users/qwesd/Documents/dc_motor/dc_motor.srcs/constrs_1/new/constraints.xdc]
Finished Parsing XDC File [C:/Users/qwesd/Documents/dc_motor/dc_motor.srcs/constrs_1/new/constraints.xdc]
INFO: [Project 1-236] Implementation specific constraints were found while reading constraint file [C:/Users/qwesd/Documents/dc_motor/dc_motor.srcs/constrs_1/new/constraints.xdc]. These constraints will be ignored for synthesis but will be used in implementation. Impacted constraints are listed in the file [.Xil/dc_motor_propImpl.xdc].
Resolution: To avoid this warning, move constraints listed in [.Xil/dc_motor_propImpl.xdc] to another XDC file and exclude this new file from synthesis with the used_in_synthesis property (File Properties dialog in GUI) and re-run elaboration/synthesis.
Completed Processing XDC Constraints

Netlist sorting complete. Time (s): cpu = 00:00:00 ; elapsed = 00:00:00 . Memory (MB): peak = 1533.355 ; gain = 0.000
INFO: [Project 1-111] Unisim Transformation Summary:
No Unisim elements were transformed.

The system cannot find the path specified.
Constraint Validation Runtime : Time (s): cpu = 00:00:00 ; elapsed = 00:00:00.004 . Memory (MB): peak = 1533.355 ; gain = 0.000
INFO: [Designutils 20-5440] No compile time benefit to using incremental synthesis; A full resynthesis will be run
INFO: [Designutils 20-4379] Flow is switching to default flow due to incremental criteria not met. If you would like to alter this behaviour and have the flow terminate instead, please set the following parameter config_implementation {autoIncr.Synth.RejectBehavior Terminate}
---------------------------------------------------------------------------------
Finished Constraint Validation : Time (s): cpu = 00:00:05 ; elapsed = 00:00:22 . Memory (MB): peak = 1533.355 ; gain = 568.977
---------------------------------------------------------------------------------
---------------------------------------------------------------------------------
Start Loading Part and Timing Information
---------------------------------------------------------------------------------
Loading part: xc7z010clg400-1
---------------------------------------------------------------------------------
Finished Loading Part and Timing Information : Time (s): cpu = 00:00:05 ; elapsed = 00:00:22 . Memory (MB): peak = 1533.355 ; gain = 568.977
---------------------------------------------------------------------------------
---------------------------------------------------------------------------------
Start Applying 'set_property' XDC Constraints
---------------------------------------------------------------------------------
---------------------------------------------------------------------------------
Finished applying 'set_property' XDC Constraints : Time (s): cpu = 00:00:05 ; elapsed = 00:00:22 . Memory (MB): peak = 1533.355 ; gain = 568.977
---------------------------------------------------------------------------------
---------------------------------------------------------------------------------
Finished RTL Optimization Phase 2 : Time (s): cpu = 00:00:05 ; elapsed = 00:00:23 . Memory (MB): peak = 1533.355 ; gain = 568.977
---------------------------------------------------------------------------------
---------------------------------------------------------------------------------
Start RTL Component Statistics 
---------------------------------------------------------------------------------
Detailed RTL Component Info : 
+---Adders : 
	   2 Input   32 Bit       Adders := 3     
	   3 Input   32 Bit       Adders := 1     
+---Registers : 
	               32 Bit    Registers := 5     
	                1 Bit    Registers := 4     
+---Multipliers : 
	              23x32  Multipliers := 1     
	              10x32  Multipliers := 1     
	              11x32  Multipliers := 1     
+---Muxes : 
	   3 Input   32 Bit        Muxes := 1     
	   2 Input   32 Bit        Muxes := 1     
	   4 Input   32 Bit        Muxes := 1     
	   2 Input   11 Bit        Muxes := 1     
	   2 Input   10 Bit        Muxes := 1     
	   2 Input    9 Bit        Muxes := 2     
	   2 Input    5 Bit        Muxes := 1     
	   2 Input    4 Bit        Muxes := 1     
	   2 Input    1 Bit        Muxes := 1     
---------------------------------------------------------------------------------
Finished RTL Component Statistics 
---------------------------------------------------------------------------------
---------------------------------------------------------------------------------
Start Part Resource Summary
---------------------------------------------------------------------------------
Part Resources:
DSPs: 80 (col length:40)
BRAMs: 120 (col length: RAMB18 40 RAMB36 20)
---------------------------------------------------------------------------------
Finished Part Resource Summary
---------------------------------------------------------------------------------
---------------------------------------------------------------------------------
Start Cross Boundary and Area Optimization
---------------------------------------------------------------------------------
WARNING: [Synth 8-7080] Parallel synthesis criteria is not met
DSP Report: Generating DSP duty_cycle2, operation Mode is: A2*B.
DSP Report: register duty_cycle2 is absorbed into DSP duty_cycle2.
DSP Report: operator duty_cycle2 is absorbed into DSP duty_cycle2.
DSP Report: operator duty_cycle2 is absorbed into DSP duty_cycle2.
DSP Report: Generating DSP duty_cycle2, operation Mode is: (PCIN>>17)+A2*B.
DSP Report: register kp_error_reg is absorbed into DSP duty_cycle2.
DSP Report: operator duty_cycle2 is absorbed into DSP duty_cycle2.
DSP Report: operator duty_cycle2 is absorbed into DSP duty_cycle2.
DSP Report: Generating DSP o_pulse1, operation Mode is: (A:0x4c4b40)*B.
DSP Report: operator o_pulse1 is absorbed into DSP o_pulse1.
DSP Report: operator o_pulse1 is absorbed into DSP o_pulse1.
DSP Report: Generating DSP o_pulse1, operation Mode is: (PCIN>>17)+(A:0x4c4b40)*B.
DSP Report: operator o_pulse1 is absorbed into DSP o_pulse1.
DSP Report: operator o_pulse1 is absorbed into DSP o_pulse1.
---------------------------------------------------------------------------------
Finished Cross Boundary and Area Optimization : Time (s): cpu = 00:00:06 ; elapsed = 00:00:29 . Memory (MB): peak = 1533.355 ; gain = 568.977
---------------------------------------------------------------------------------
 Sort Area is  duty_cycle2_0 : 0 0 : 2104 4137 : Used 1 time 0
 Sort Area is  duty_cycle2_0 : 0 1 : 2033 4137 : Used 1 time 0
 Sort Area is  o_pulse1_3 : 0 0 : 1627 3284 : Used 1 time 0
 Sort Area is  o_pulse1_3 : 0 1 : 1657 3284 : Used 1 time 0
---------------------------------------------------------------------------------
Start ROM, RAM, DSP, Shift Register and Retiming Reporting
---------------------------------------------------------------------------------

DSP: Preliminary Mapping Report (see note below. The ' indicates corresponding REG is set)
+------------+---------------------------+--------+--------+--------+--------+--------+------+------+------+------+-------+------+------+
|Module Name | DSP Mapping               | A Size | B Size | C Size | D Size | P Size | AREG | BREG | CREG | DREG | ADREG | MREG | PREG | 
+------------+---------------------------+--------+--------+--------+--------+--------+------+------+------+------+-------+------+------+
|dc_motor    | A2*B                      | 18     | 12     | -      | -      | 48     | 1    | 0    | -    | -    | -     | 0    | 0    | 
|dc_motor    | (PCIN>>17)+A2*B           | 16     | 12     | -      | -      | 48     | 1    | 0    | -    | -    | -     | 0    | 0    | 
|dc_motor    | (A:0x4c4b40)*B            | 24     | 18     | -      | -      | 48     | 0    | 0    | -    | -    | -     | 0    | 0    | 
|dc_motor    | (PCIN>>17)+(A:0x4c4b40)*B | 24     | 16     | -      | -      | 48     | 0    | 0    | -    | -    | -     | 0    | 0    | 
+------------+---------------------------+--------+--------+--------+--------+--------+------+------+------+------+-------+------+------+

Note: The table above is a preliminary report that shows the DSPs inferred at the current stage of the synthesis flow. Some DSP may be reimplemented as non DSP primitives later in the synthesis flow. Multiple instantiated DSPs are reported only once.
---------------------------------------------------------------------------------
Finished ROM, RAM, DSP, Shift Register and Retiming Reporting
---------------------------------------------------------------------------------
---------------------------------------------------------------------------------
Start Applying XDC Timing Constraints
---------------------------------------------------------------------------------
---------------------------------------------------------------------------------
Finished Applying XDC Timing Constraints : Time (s): cpu = 00:00:06 ; elapsed = 00:00:37 . Memory (MB): peak = 1558.730 ; gain = 594.352
---------------------------------------------------------------------------------
---------------------------------------------------------------------------------
Start Timing Optimization
---------------------------------------------------------------------------------
---------------------------------------------------------------------------------
Finished Timing Optimization : Time (s): cpu = 00:00:06 ; elapsed = 00:00:38 . Memory (MB): peak = 1573.691 ; gain = 609.312
---------------------------------------------------------------------------------
---------------------------------------------------------------------------------
Start Technology Mapping
---------------------------------------------------------------------------------
---------------------------------------------------------------------------------
Finished Technology Mapping : Time (s): cpu = 00:00:06 ; elapsed = 00:00:39 . Memory (MB): peak = 1595.750 ; gain = 631.371
---------------------------------------------------------------------------------
---------------------------------------------------------------------------------
Start IO Insertion
---------------------------------------------------------------------------------
---------------------------------------------------------------------------------
Start Flattening Before IO Insertion
---------------------------------------------------------------------------------
---------------------------------------------------------------------------------
Finished Flattening Before IO Insertion
---------------------------------------------------------------------------------
---------------------------------------------------------------------------------
Start Final Netlist Cleanup
---------------------------------------------------------------------------------
---------------------------------------------------------------------------------
Finished Final Netlist Cleanup
---------------------------------------------------------------------------------
---------------------------------------------------------------------------------
Finished IO Insertion : Time (s): cpu = 00:00:07 ; elapsed = 00:00:43 . Memory (MB): peak = 1610.551 ; gain = 646.172
---------------------------------------------------------------------------------
---------------------------------------------------------------------------------
Start Renaming Generated Instances
---------------------------------------------------------------------------------
---------------------------------------------------------------------------------
Finished Renaming Generated Instances : Time (s): cpu = 00:00:07 ; elapsed = 00:00:43 . Memory (MB): peak = 1610.551 ; gain = 646.172
---------------------------------------------------------------------------------
---------------------------------------------------------------------------------
Start Rebuilding User Hierarchy
---------------------------------------------------------------------------------
---------------------------------------------------------------------------------
Finished Rebuilding User Hierarchy : Time (s): cpu = 00:00:07 ; elapsed = 00:00:43 . Memory (MB): peak = 1610.551 ; gain = 646.172
---------------------------------------------------------------------------------
---------------------------------------------------------------------------------
Start Renaming Generated Ports
---------------------------------------------------------------------------------
---------------------------------------------------------------------------------
Finished Renaming Generated Ports : Time (s): cpu = 00:00:07 ; elapsed = 00:00:43 . Memory (MB): peak = 1610.551 ; gain = 646.172
---------------------------------------------------------------------------------
---------------------------------------------------------------------------------
Start Handling Custom Attributes
---------------------------------------------------------------------------------
---------------------------------------------------------------------------------
Finished Handling Custom Attributes : Time (s): cpu = 00:00:07 ; elapsed = 00:00:43 . Memory (MB): peak = 1610.551 ; gain = 646.172
---------------------------------------------------------------------------------
---------------------------------------------------------------------------------
Start Renaming Generated Nets
---------------------------------------------------------------------------------
---------------------------------------------------------------------------------
Finished Renaming Generated Nets : Time (s): cpu = 00:00:07 ; elapsed = 00:00:43 . Memory (MB): peak = 1610.551 ; gain = 646.172
---------------------------------------------------------------------------------
---------------------------------------------------------------------------------
Start Writing Synthesis Report
---------------------------------------------------------------------------------

DSP Final Report (the ' indicates corresponding REG is set)
+------------+---------------+--------+--------+--------+--------+--------+------+------+------+------+-------+------+------+
|Module Name | DSP Mapping   | A Size | B Size | C Size | D Size | P Size | AREG | BREG | CREG | DREG | ADREG | MREG | PREG | 
+------------+---------------+--------+--------+--------+--------+--------+------+------+------+------+-------+------+------+
|dc_motor    | A'*B          | 17     | 11     | -      | -      | 48     | 1    | 0    | -    | -    | -     | 0    | 0    | 
|dc_motor    | PCIN>>17+A'*B | 15     | 11     | -      | -      | 48     | 1    | 0    | -    | -    | -     | 0    | 0    | 
|dc_motor    | A*B           | 23     | 17     | -      | -      | 48     | 0    | 0    | -    | -    | -     | 0    | 0    | 
|dc_motor    | PCIN>>17+A*B' | 0      | 9      | -      | -      | 48     | 0    | 1    | -    | -    | -     | 0    | 0    | 
+------------+---------------+--------+--------+--------+--------+--------+------+------+------+------+-------+------+------+


Report BlackBoxes: 
+-+--------------+----------+
| |BlackBox name |Instances |
+-+--------------+----------+
+-+--------------+----------+

Report Cell Usage: 
+------+--------+------+
|      |Cell    |Count |
+------+--------+------+
|1     |BUFG    |     1|
|2     |CARRY4  |   642|
|3     |DSP48E1 |     4|
|6     |LUT1    |   111|
|7     |LUT2    |   671|
|8     |LUT3    |  1487|
|9     |LUT4    |   325|
|10    |LUT5    |   274|
|11    |LUT6    |   424|
|12    |FDRE    |   173|
|13    |FDSE    |    30|
|14    |IBUF    |     8|
|15    |OBUF    |     2|
+------+--------+------+
---------------------------------------------------------------------------------
Finished Writing Synthesis Report : Time (s): cpu = 00:00:07 ; elapsed = 00:00:43 . Memory (MB): peak = 1610.551 ; gain = 646.172
---------------------------------------------------------------------------------
Synthesis finished with 0 errors, 0 critical warnings and 1 warnings.
Synthesis Optimization Runtime : Time (s): cpu = 00:00:04 ; elapsed = 00:00:41 . Memory (MB): peak = 1610.551 ; gain = 626.457
Synthesis Optimization Complete : Time (s): cpu = 00:00:07 ; elapsed = 00:00:43 . Memory (MB): peak = 1610.551 ; gain = 646.172
INFO: [Project 1-571] Translating synthesized netlist
Netlist sorting complete. Time (s): cpu = 00:00:00 ; elapsed = 00:00:00.035 . Memory (MB): peak = 1622.684 ; gain = 0.000
INFO: [Netlist 29-17] Analyzing 646 Unisim elements for replacement
INFO: [Netlist 29-28] Unisim Transformation completed in 0 CPU seconds
WARNING: [Netlist 29-101] Netlist 'dc_motor' is not ideal for floorplanning, since the cellview 'dc_motor' contains a large number of primitives.  Please consider enabling hierarchy in synthesis if you want to do floorplanning.
INFO: [Project 1-570] Preparing netlist for logic optimization
INFO: [Opt 31-138] Pushed 0 inverter(s) to 0 load pin(s).
Netlist sorting complete. Time (s): cpu = 00:00:00 ; elapsed = 00:00:00 . Memory (MB): peak = 1626.262 ; gain = 0.000
INFO: [Project 1-111] Unisim Transformation Summary:
No Unisim elements were transformed.

The system cannot find the path specified.
Synth Design complete | Checksum: 91618457
INFO: [Common 17-83] Releasing license: Synthesis
26 Infos, 3 Warnings, 0 Critical Warnings and 0 Errors encountered.
synth_design completed successfully
synth_design: Time (s): cpu = 00:00:09 ; elapsed = 00:00:51 . Memory (MB): peak = 1626.262 ; gain = 1057.160
Write ShapeDB Complete: Time (s): cpu = 00:00:00 ; elapsed = 00:00:00.010 . Memory (MB): peak = 1626.262 ; gain = 0.000
INFO: [Common 17-1381] The checkpoint 'C:/Users/qwesd/Documents/dc_motor/dc_motor.runs/synth_1/dc_motor.dcp' has been generated.
INFO: [runtcl-4] Executing : report_utilization -file dc_motor_utilization_synth.rpt -pb dc_motor_utilization_synth.pb
INFO: [Common 17-206] Exiting Vivado at Fri Apr 12 01:00:02 2024...
